<?xml version="1.0" encoding="ISO-8859-1" ?>
<link_info>
   <banner>TMS320C2000 Linker PC v22.6.1.LTS</banner>
   <copyright>Copyright (c) 1996-2018 Texas Instruments Incorporated</copyright>
   <link_time>0x6863c190</link_time>
   <link_errors>0x0</link_errors>
   <output_file>adc_soc_cputimers.out</output_file>
   <entry_point>
      <name>code_start</name>
      <address>0x0</address>
   </entry_point>
   <input_file_list>
      <input_file id="fl-2">
         <path>.\</path>
         <kind>object</kind>
         <file>adc_soc_cputimers.obj</file>
         <name>adc_soc_cputimers.obj</name>
      </input_file>
      <input_file id="fl-3">
         <path>.\</path>
         <kind>object</kind>
         <file>f28p65x_adc.obj</file>
         <name>f28p65x_adc.obj</name>
      </input_file>
      <input_file id="fl-4">
         <path>.\</path>
         <kind>object</kind>
         <file>f28p65x_codestartbranch.obj</file>
         <name>f28p65x_codestartbranch.obj</name>
      </input_file>
      <input_file id="fl-5">
         <path>.\</path>
         <kind>object</kind>
         <file>f28p65x_cputimers.obj</file>
         <name>f28p65x_cputimers.obj</name>
      </input_file>
      <input_file id="fl-6">
         <path>.\</path>
         <kind>object</kind>
         <file>f28p65x_defaultisr.obj</file>
         <name>f28p65x_defaultisr.obj</name>
      </input_file>
      <input_file id="fl-7">
         <path>.\</path>
         <kind>object</kind>
         <file>f28p65x_dma.obj</file>
         <name>f28p65x_dma.obj</name>
      </input_file>
      <input_file id="fl-8">
         <path>.\</path>
         <kind>object</kind>
         <file>f28p65x_epwm.obj</file>
         <name>f28p65x_epwm.obj</name>
      </input_file>
      <input_file id="fl-9">
         <path>.\</path>
         <kind>object</kind>
         <file>f28p65x_globalvariabledefs.obj</file>
         <name>f28p65x_globalvariabledefs.obj</name>
      </input_file>
      <input_file id="fl-a">
         <path>.\</path>
         <kind>object</kind>
         <file>f28p65x_gpio.obj</file>
         <name>f28p65x_gpio.obj</name>
      </input_file>
      <input_file id="fl-b">
         <path>.\</path>
         <kind>object</kind>
         <file>f28p65x_piectrl.obj</file>
         <name>f28p65x_piectrl.obj</name>
      </input_file>
      <input_file id="fl-c">
         <path>.\</path>
         <kind>object</kind>
         <file>f28p65x_pievect.obj</file>
         <name>f28p65x_pievect.obj</name>
      </input_file>
      <input_file id="fl-d">
         <path>.\</path>
         <kind>object</kind>
         <file>f28p65x_sysctrl.obj</file>
         <name>f28p65x_sysctrl.obj</name>
      </input_file>
      <input_file id="fl-e">
         <path>.\</path>
         <kind>object</kind>
         <file>f28p65x_usdelay.obj</file>
         <name>f28p65x_usdelay.obj</name>
      </input_file>
      <input_file id="fl-13">
         <kind>object</kind>
         <file>&lt;internal&gt;</file>
         <name>&lt;internal&gt;</name>
      </input_file>
      <input_file id="fl-1f">
         <path>C:\ti\ccs1271\ccs\tools\compiler\ti-cgt-c2000_22.6.1.LTS\lib\</path>
         <kind>archive</kind>
         <file>rts2800_fpu64_eabi.lib</file>
         <name>boot28.asm.obj</name>
      </input_file>
      <input_file id="fl-20">
         <path>C:\ti\ccs1271\ccs\tools\compiler\ti-cgt-c2000_22.6.1.LTS\lib\</path>
         <kind>archive</kind>
         <file>rts2800_fpu64_eabi.lib</file>
         <name>fs_div28.asm.obj</name>
      </input_file>
      <input_file id="fl-21">
         <path>C:\ti\ccs1271\ccs\tools\compiler\ti-cgt-c2000_22.6.1.LTS\lib\</path>
         <kind>archive</kind>
         <file>rts2800_fpu64_eabi.lib</file>
         <name>pre_init.c.obj</name>
      </input_file>
      <input_file id="fl-22">
         <path>C:\ti\ccs1271\ccs\tools\compiler\ti-cgt-c2000_22.6.1.LTS\lib\</path>
         <kind>archive</kind>
         <file>rts2800_fpu64_eabi.lib</file>
         <name>autoinit.c.obj</name>
      </input_file>
      <input_file id="fl-23">
         <path>C:\ti\ccs1271\ccs\tools\compiler\ti-cgt-c2000_22.6.1.LTS\lib\</path>
         <kind>archive</kind>
         <file>rts2800_fpu64_eabi.lib</file>
         <name>copy_zero_init.c.obj</name>
      </input_file>
      <input_file id="fl-24">
         <path>C:\ti\ccs1271\ccs\tools\compiler\ti-cgt-c2000_22.6.1.LTS\lib\</path>
         <kind>archive</kind>
         <file>rts2800_fpu64_eabi.lib</file>
         <name>copy_decompress_none.c.obj</name>
      </input_file>
      <input_file id="fl-25">
         <path>C:\ti\ccs1271\ccs\tools\compiler\ti-cgt-c2000_22.6.1.LTS\lib\</path>
         <kind>archive</kind>
         <file>rts2800_fpu64_eabi.lib</file>
         <name>copy_decompress_lzss.c.obj</name>
      </input_file>
      <input_file id="fl-26">
         <path>C:\ti\ccs1271\ccs\tools\compiler\ti-cgt-c2000_22.6.1.LTS\lib\</path>
         <kind>archive</kind>
         <file>rts2800_fpu64_eabi.lib</file>
         <name>exit.c.obj</name>
      </input_file>
      <input_file id="fl-27">
         <path>C:\ti\ccs1271\ccs\tools\compiler\ti-cgt-c2000_22.6.1.LTS\lib\</path>
         <kind>archive</kind>
         <file>rts2800_fpu64_eabi.lib</file>
         <name>_lock.c.obj</name>
      </input_file>
      <input_file id="fl-28">
         <path>C:\ti\ccs1271\ccs\tools\compiler\ti-cgt-c2000_22.6.1.LTS\lib\</path>
         <kind>archive</kind>
         <file>rts2800_fpu64_eabi.lib</file>
         <name>args_main.c.obj</name>
      </input_file>
      <input_file id="fl-29">
         <path>C:\ti\ccs1271\ccs\tools\compiler\ti-cgt-c2000_22.6.1.LTS\lib\</path>
         <kind>archive</kind>
         <file>rts2800_fpu64_eabi.lib</file>
         <name>memset.c.obj</name>
      </input_file>
      <input_file id="fl-2a">
         <path>C:\ti\ccs1271\ccs\tools\compiler\ti-cgt-c2000_22.6.1.LTS\lib\</path>
         <kind>archive</kind>
         <file>rts2800_fpu64_eabi.lib</file>
         <name>cpy_tbl.c.obj</name>
      </input_file>
      <input_file id="fl-2b">
         <path>C:\ti\ccs1271\ccs\tools\compiler\ti-cgt-c2000_22.6.1.LTS\lib\</path>
         <kind>archive</kind>
         <file>rts2800_fpu64_eabi.lib</file>
         <name>memcpy.c.obj</name>
      </input_file>
      <input_file id="fl-2c">
         <path>C:\ti\ccs1271\ccs\tools\compiler\ti-cgt-c2000_22.6.1.LTS\lib\</path>
         <kind>archive</kind>
         <file>rts2800_fpu64_eabi.lib</file>
         <name>startup.c.obj</name>
      </input_file>
   </input_file_list>
   <object_component_list>
      <object_component id="oc-f1">
         <name>codestart</name>
         <load_address>0x0</load_address>
         <run_address>0x0</run_address>
         <size>0x2</size>
         <input_file_ref idref="fl-4"/>
      </object_component>
      <object_component id="oc-723">
         <name>.text:InitSysPll</name>
         <load_address>0xc000</load_address>
         <run_address>0xc000</run_address>
         <size>0xe6</size>
         <input_file_ref idref="fl-d"/>
      </object_component>
      <object_component id="oc-729">
         <name>.text:InitPeripheralClocks</name>
         <load_address>0xc0e6</load_address>
         <run_address>0xc0e6</run_address>
         <size>0xe1</size>
         <input_file_ref idref="fl-d"/>
      </object_component>
      <object_component id="oc-7ae">
         <name>.text:IsPLLValid</name>
         <load_address>0xc1c7</load_address>
         <run_address>0xc1c7</run_address>
         <size>0xa0</size>
         <input_file_ref idref="fl-d"/>
      </object_component>
      <object_component id="oc-5f8">
         <name>.text:GPIO_SetupPinOptions</name>
         <load_address>0xc267</load_address>
         <run_address>0xc267</run_address>
         <size>0x92</size>
         <input_file_ref idref="fl-a"/>
      </object_component>
      <object_component id="oc-5f2">
         <name>.text:GPIO_SetupPinMux</name>
         <load_address>0xc2f9</load_address>
         <run_address>0xc2f9</run_address>
         <size>0x8a</size>
         <input_file_ref idref="fl-a"/>
      </object_component>
      <object_component id="oc-82f">
         <name>.text</name>
         <load_address>0xc383</load_address>
         <run_address>0xc383</run_address>
         <size>0x88</size>
         <input_file_ref idref="fl-20"/>
      </object_component>
      <object_component id="oc-73e">
         <name>.text:AdcSetMode</name>
         <load_address>0xc40b</load_address>
         <run_address>0xc40b</run_address>
         <size>0x84</size>
         <input_file_ref idref="fl-3"/>
      </object_component>
      <object_component id="oc-834">
         <name>.text:ComputeCntrSeedValue</name>
         <load_address>0xc48f</load_address>
         <run_address>0xc48f</run_address>
         <size>0x77</size>
         <input_file_ref idref="fl-d"/>
      </object_component>
      <object_component id="oc-102">
         <name>.text:adca1_isr</name>
         <load_address>0xc506</load_address>
         <run_address>0xc506</run_address>
         <size>0x67</size>
         <input_file_ref idref="fl-2"/>
      </object_component>
      <object_component id="oc-fc">
         <name>.text:main</name>
         <load_address>0xc56d</load_address>
         <run_address>0xc56d</run_address>
         <size>0x4e</size>
         <input_file_ref idref="fl-2"/>
      </object_component>
      <object_component id="oc-5ec">
         <name>.text:InitGpio</name>
         <load_address>0xc5bb</load_address>
         <run_address>0xc5bb</run_address>
         <size>0x4c</size>
         <input_file_ref idref="fl-a"/>
      </object_component>
      <object_component id="oc-74a">
         <name>.text:InitCpuTimers</name>
         <load_address>0xc607</load_address>
         <run_address>0xc607</run_address>
         <size>0x41</size>
         <input_file_ref idref="fl-5"/>
      </object_component>
      <object_component id="oc-750">
         <name>.text:ConfigCpuTimer</name>
         <load_address>0xc648</load_address>
         <run_address>0xc648</run_address>
         <size>0x3b</size>
         <input_file_ref idref="fl-5"/>
      </object_component>
      <object_component id="oc-7c3">
         <name>.text:CalAdcINL</name>
         <load_address>0xc683</load_address>
         <run_address>0xc683</run_address>
         <size>0x37</size>
         <input_file_ref idref="fl-3"/>
      </object_component>
      <object_component id="oc-e4">
         <name>.text:decompress:lzss</name>
         <load_address>0xc6ba</load_address>
         <run_address>0xc6ba</run_address>
         <size>0x30</size>
         <input_file_ref idref="fl-25"/>
      </object_component>
      <object_component id="oc-616">
         <name>.text:SetupADCTimer</name>
         <load_address>0xc6ea</load_address>
         <run_address>0xc6ea</run_address>
         <size>0x2c</size>
         <input_file_ref idref="fl-2"/>
      </object_component>
      <object_component id="oc-7e1">
         <name>.text:__TI_auto_init_nobinit_nopinit</name>
         <load_address>0xc716</load_address>
         <run_address>0xc716</run_address>
         <size>0x2b</size>
         <input_file_ref idref="fl-22"/>
      </object_component>
      <object_component id="oc-782">
         <name>.text</name>
         <load_address>0xc741</load_address>
         <run_address>0xc741</run_address>
         <size>0x29</size>
         <input_file_ref idref="fl-26"/>
      </object_component>
      <object_component id="oc-604">
         <name>.text:InitPieVectTable</name>
         <load_address>0xc76a</load_address>
         <run_address>0xc76a</run_address>
         <size>0x25</size>
         <input_file_ref idref="fl-c"/>
      </object_component>
      <object_component id="oc-7a2">
         <name>.text:SysXtalOscSel</name>
         <load_address>0xc78f</load_address>
         <run_address>0xc78f</run_address>
         <size>0x20</size>
         <input_file_ref idref="fl-d"/>
      </object_component>
      <object_component id="oc-5fe">
         <name>.text:InitPieCtrl</name>
         <load_address>0xc7af</load_address>
         <run_address>0xc7af</run_address>
         <size>0x1f</size>
         <input_file_ref idref="fl-b"/>
      </object_component>
      <object_component id="oc-5c4">
         <name>.text</name>
         <load_address>0xc7ce</load_address>
         <run_address>0xc7ce</run_address>
         <size>0x1d</size>
         <input_file_ref idref="fl-2b"/>
      </object_component>
      <object_component id="oc-821">
         <name>.text:PollX1Counter</name>
         <load_address>0xc7eb</load_address>
         <run_address>0xc7eb</run_address>
         <size>0x1b</size>
         <input_file_ref idref="fl-d"/>
      </object_component>
      <object_component id="oc-60a">
         <name>.text:ConfigureADC</name>
         <load_address>0xc806</load_address>
         <run_address>0xc806</run_address>
         <size>0x19</size>
         <input_file_ref idref="fl-2"/>
      </object_component>
      <object_component id="oc-70e">
         <name>.text</name>
         <load_address>0xc81f</load_address>
         <run_address>0xc81f</run_address>
         <size>0x19</size>
         <input_file_ref idref="fl-1f"/>
      </object_component>
      <object_component id="oc-f6">
         <name>.text:cpuTimer0ISR</name>
         <load_address>0xc838</load_address>
         <run_address>0xc838</run_address>
         <size>0x16</size>
         <input_file_ref idref="fl-2"/>
      </object_component>
      <object_component id="oc-610">
         <name>.text:ConfigureTimer</name>
         <load_address>0xc84e</load_address>
         <run_address>0xc84e</run_address>
         <size>0x15</size>
         <input_file_ref idref="fl-2"/>
      </object_component>
      <object_component id="oc-7a8">
         <name>.text:SysXtalOscSESel</name>
         <load_address>0xc863</load_address>
         <run_address>0xc863</run_address>
         <size>0x15</size>
         <input_file_ref idref="fl-d"/>
      </object_component>
      <object_component id="oc-5e6">
         <name>.text:InitSysCtrl</name>
         <load_address>0xc878</load_address>
         <run_address>0xc878</run_address>
         <size>0x13</size>
         <input_file_ref idref="fl-d"/>
      </object_component>
      <object_component id="oc-71d">
         <name>.text:DisableDog</name>
         <load_address>0xc88b</load_address>
         <run_address>0xc88b</run_address>
         <size>0xd</size>
         <input_file_ref idref="fl-d"/>
      </object_component>
      <object_component id="oc-5b5">
         <name>.text:EMPTY_ISR</name>
         <load_address>0xc898</load_address>
         <run_address>0xc898</run_address>
         <size>0xd</size>
         <input_file_ref idref="fl-6"/>
      </object_component>
      <object_component id="oc-5cc">
         <name>.text:decompress:ZI:__TI_zero_init_nomemset</name>
         <load_address>0xc8a5</load_address>
         <run_address>0xc8a5</run_address>
         <size>0xd</size>
         <input_file_ref idref="fl-23"/>
      </object_component>
      <object_component id="oc-77c">
         <name>.text</name>
         <load_address>0xc8b2</load_address>
         <run_address>0xc8b2</run_address>
         <size>0xc</size>
         <input_file_ref idref="fl-28"/>
      </object_component>
      <object_component id="oc-17d">
         <name>.text:ADCA1_ISR</name>
         <load_address>0xc8be</load_address>
         <run_address>0xc8be</run_address>
         <size>0xa</size>
         <input_file_ref idref="fl-6"/>
      </object_component>
      <object_component id="oc-327">
         <name>.text:ADCA2_ISR</name>
         <load_address>0xc8c8</load_address>
         <run_address>0xc8c8</run_address>
         <size>0xa</size>
         <input_file_ref idref="fl-6"/>
      </object_component>
      <object_component id="oc-32d">
         <name>.text:ADCA3_ISR</name>
         <load_address>0xc8d2</load_address>
         <run_address>0xc8d2</run_address>
         <size>0xa</size>
         <input_file_ref idref="fl-6"/>
      </object_component>
      <object_component id="oc-333">
         <name>.text:ADCA4_ISR</name>
         <load_address>0xc8dc</load_address>
         <run_address>0xc8dc</run_address>
         <size>0xa</size>
         <input_file_ref idref="fl-6"/>
      </object_component>
      <object_component id="oc-321">
         <name>.text:ADCA_EVT_ISR</name>
         <load_address>0xc8e6</load_address>
         <run_address>0xc8e6</run_address>
         <size>0xa</size>
         <input_file_ref idref="fl-6"/>
      </object_component>
      <object_component id="oc-183">
         <name>.text:ADCB1_ISR</name>
         <load_address>0xc8f0</load_address>
         <run_address>0xc8f0</run_address>
         <size>0xa</size>
         <input_file_ref idref="fl-6"/>
      </object_component>
      <object_component id="oc-33f">
         <name>.text:ADCB2_ISR</name>
         <load_address>0xc8fa</load_address>
         <run_address>0xc8fa</run_address>
         <size>0xa</size>
         <input_file_ref idref="fl-6"/>
      </object_component>
      <object_component id="oc-345">
         <name>.text:ADCB3_ISR</name>
         <load_address>0xc904</load_address>
         <run_address>0xc904</run_address>
         <size>0xa</size>
         <input_file_ref idref="fl-6"/>
      </object_component>
      <object_component id="oc-34b">
         <name>.text:ADCB4_ISR</name>
         <load_address>0xc90e</load_address>
         <run_address>0xc90e</run_address>
         <size>0xa</size>
         <input_file_ref idref="fl-6"/>
      </object_component>
      <object_component id="oc-339">
         <name>.text:ADCB_EVT_ISR</name>
         <load_address>0xc918</load_address>
         <run_address>0xc918</run_address>
         <size>0xa</size>
         <input_file_ref idref="fl-6"/>
      </object_component>
      <object_component id="oc-189">
         <name>.text:ADCC1_ISR</name>
         <load_address>0xc922</load_address>
         <run_address>0xc922</run_address>
         <size>0xa</size>
         <input_file_ref idref="fl-6"/>
      </object_component>
      <object_component id="oc-543">
         <name>.text:ADCC2_ISR</name>
         <load_address>0xc92c</load_address>
         <run_address>0xc92c</run_address>
         <size>0xa</size>
         <input_file_ref idref="fl-6"/>
      </object_component>
      <object_component id="oc-549">
         <name>.text:ADCC3_ISR</name>
         <load_address>0xc936</load_address>
         <run_address>0xc936</run_address>
         <size>0xa</size>
         <input_file_ref idref="fl-6"/>
      </object_component>
      <object_component id="oc-54f">
         <name>.text:ADCC4_ISR</name>
         <load_address>0xc940</load_address>
         <run_address>0xc940</run_address>
         <size>0xa</size>
         <input_file_ref idref="fl-6"/>
      </object_component>
      <object_component id="oc-555">
         <name>.text:ADCCHECKINT_ISR</name>
         <load_address>0xc94a</load_address>
         <run_address>0xc94a</run_address>
         <size>0xa</size>
         <input_file_ref idref="fl-6"/>
      </object_component>
      <object_component id="oc-53d">
         <name>.text:ADCC_EVT_ISR</name>
         <load_address>0xc954</load_address>
         <run_address>0xc954</run_address>
         <size>0xa</size>
         <input_file_ref idref="fl-6"/>
      </object_component>
      <object_component id="oc-531">
         <name>.text:AES_SINTREQUEST_ISR</name>
         <load_address>0xc95e</load_address>
         <run_address>0xc95e</run_address>
         <size>0xa</size>
         <input_file_ref idref="fl-6"/>
      </object_component>
      <object_component id="oc-309">
         <name>.text:CANA0_ISR</name>
         <load_address>0xc968</load_address>
         <run_address>0xc968</run_address>
         <size>0xa</size>
         <input_file_ref idref="fl-6"/>
      </object_component>
      <object_component id="oc-30f">
         <name>.text:CANA1_ISR</name>
         <load_address>0xc972</load_address>
         <run_address>0xc972</run_address>
         <size>0xa</size>
         <input_file_ref idref="fl-6"/>
      </object_component>
      <object_component id="oc-3c3">
         <name>.text:CIPC0_ISR</name>
         <load_address>0xc97c</load_address>
         <run_address>0xc97c</run_address>
         <size>0xa</size>
         <input_file_ref idref="fl-6"/>
      </object_component>
      <object_component id="oc-3c9">
         <name>.text:CIPC1_ISR</name>
         <load_address>0xc986</load_address>
         <run_address>0xc986</run_address>
         <size>0xa</size>
         <input_file_ref idref="fl-6"/>
      </object_component>
      <object_component id="oc-3cf">
         <name>.text:CIPC2_ISR</name>
         <load_address>0xc990</load_address>
         <run_address>0xc990</run_address>
         <size>0xa</size>
         <input_file_ref idref="fl-6"/>
      </object_component>
      <object_component id="oc-3d5">
         <name>.text:CIPC3_ISR</name>
         <load_address>0xc99a</load_address>
         <run_address>0xc99a</run_address>
         <size>0xa</size>
         <input_file_ref idref="fl-6"/>
      </object_component>
      <object_component id="oc-59d">
         <name>.text:CLA1CRC_ISR</name>
         <load_address>0xc9a4</load_address>
         <run_address>0xc9a4</run_address>
         <size>0xa</size>
         <input_file_ref idref="fl-6"/>
      </object_component>
      <object_component id="oc-351">
         <name>.text:CLA1_1_ISR</name>
         <load_address>0xc9ae</load_address>
         <run_address>0xc9ae</run_address>
         <size>0xa</size>
         <input_file_ref idref="fl-6"/>
      </object_component>
      <object_component id="oc-357">
         <name>.text:CLA1_2_ISR</name>
         <load_address>0xc9b8</load_address>
         <run_address>0xc9b8</run_address>
         <size>0xa</size>
         <input_file_ref idref="fl-6"/>
      </object_component>
      <object_component id="oc-35d">
         <name>.text:CLA1_3_ISR</name>
         <load_address>0xc9c2</load_address>
         <run_address>0xc9c2</run_address>
         <size>0xa</size>
         <input_file_ref idref="fl-6"/>
      </object_component>
      <object_component id="oc-363">
         <name>.text:CLA1_4_ISR</name>
         <load_address>0xc9cc</load_address>
         <run_address>0xc9cc</run_address>
         <size>0xa</size>
         <input_file_ref idref="fl-6"/>
      </object_component>
      <object_component id="oc-369">
         <name>.text:CLA1_5_ISR</name>
         <load_address>0xc9d6</load_address>
         <run_address>0xc9d6</run_address>
         <size>0xa</size>
         <input_file_ref idref="fl-6"/>
      </object_component>
      <object_component id="oc-36f">
         <name>.text:CLA1_6_ISR</name>
         <load_address>0xc9e0</load_address>
         <run_address>0xc9e0</run_address>
         <size>0xa</size>
         <input_file_ref idref="fl-6"/>
      </object_component>
      <object_component id="oc-375">
         <name>.text:CLA1_7_ISR</name>
         <load_address>0xc9ea</load_address>
         <run_address>0xc9ea</run_address>
         <size>0xa</size>
         <input_file_ref idref="fl-6"/>
      </object_component>
      <object_component id="oc-37b">
         <name>.text:CLA1_8_ISR</name>
         <load_address>0xc9f4</load_address>
         <run_address>0xc9f4</run_address>
         <size>0xa</size>
         <input_file_ref idref="fl-6"/>
      </object_component>
      <object_component id="oc-5a3">
         <name>.text:CLA_OVERFLOW_ISR</name>
         <load_address>0xc9fe</load_address>
         <run_address>0xc9fe</run_address>
         <size>0xa</size>
         <input_file_ref idref="fl-6"/>
      </object_component>
      <object_component id="oc-5a9">
         <name>.text:CLA_UNDERFLOW_ISR</name>
         <load_address>0xca08</load_address>
         <run_address>0xca08</run_address>
         <size>0xa</size>
         <input_file_ref idref="fl-6"/>
      </object_component>
      <object_component id="oc-249">
         <name>.text:CLB1_ISR</name>
         <load_address>0xca12</load_address>
         <run_address>0xca12</run_address>
         <size>0xa</size>
         <input_file_ref idref="fl-6"/>
      </object_component>
      <object_component id="oc-24f">
         <name>.text:CLB2_ISR</name>
         <load_address>0xca1c</load_address>
         <run_address>0xca1c</run_address>
         <size>0xa</size>
         <input_file_ref idref="fl-6"/>
      </object_component>
      <object_component id="oc-255">
         <name>.text:CLB3_ISR</name>
         <load_address>0xca26</load_address>
         <run_address>0xca26</run_address>
         <size>0xa</size>
         <input_file_ref idref="fl-6"/>
      </object_component>
      <object_component id="oc-25b">
         <name>.text:CLB4_ISR</name>
         <load_address>0xca30</load_address>
         <run_address>0xca30</run_address>
         <size>0xa</size>
         <input_file_ref idref="fl-6"/>
      </object_component>
      <object_component id="oc-507">
         <name>.text:CLB5_ISR</name>
         <load_address>0xca3a</load_address>
         <run_address>0xca3a</run_address>
         <size>0xa</size>
         <input_file_ref idref="fl-6"/>
      </object_component>
      <object_component id="oc-50d">
         <name>.text:CLB6_ISR</name>
         <load_address>0xca44</load_address>
         <run_address>0xca44</run_address>
         <size>0xa</size>
         <input_file_ref idref="fl-6"/>
      </object_component>
      <object_component id="oc-597">
         <name>.text:CPUCRC_ISR</name>
         <load_address>0xca4e</load_address>
         <run_address>0xca4e</run_address>
         <size>0xa</size>
         <input_file_ref idref="fl-6"/>
      </object_component>
      <object_component id="oc-117">
         <name>.text:DATALOG_ISR</name>
         <load_address>0xca58</load_address>
         <run_address>0xca58</run_address>
         <size>0xa</size>
         <input_file_ref idref="fl-6"/>
      </object_component>
      <object_component id="oc-291">
         <name>.text:DMA_CH1_ISR</name>
         <load_address>0xca62</load_address>
         <run_address>0xca62</run_address>
         <size>0xa</size>
         <input_file_ref idref="fl-6"/>
      </object_component>
      <object_component id="oc-297">
         <name>.text:DMA_CH2_ISR</name>
         <load_address>0xca6c</load_address>
         <run_address>0xca6c</run_address>
         <size>0xa</size>
         <input_file_ref idref="fl-6"/>
      </object_component>
      <object_component id="oc-29d">
         <name>.text:DMA_CH3_ISR</name>
         <load_address>0xca76</load_address>
         <run_address>0xca76</run_address>
         <size>0xa</size>
         <input_file_ref idref="fl-6"/>
      </object_component>
      <object_component id="oc-2a3">
         <name>.text:DMA_CH4_ISR</name>
         <load_address>0xca80</load_address>
         <run_address>0xca80</run_address>
         <size>0xa</size>
         <input_file_ref idref="fl-6"/>
      </object_component>
      <object_component id="oc-2a9">
         <name>.text:DMA_CH5_ISR</name>
         <load_address>0xca8a</load_address>
         <run_address>0xca8a</run_address>
         <size>0xa</size>
         <input_file_ref idref="fl-6"/>
      </object_component>
      <object_component id="oc-2af">
         <name>.text:DMA_CH6_ISR</name>
         <load_address>0xca94</load_address>
         <run_address>0xca94</run_address>
         <size>0xa</size>
         <input_file_ref idref="fl-6"/>
      </object_component>
      <object_component id="oc-207">
         <name>.text:ECAP1_ISR</name>
         <load_address>0xca9e</load_address>
         <run_address>0xca9e</run_address>
         <size>0xa</size>
         <input_file_ref idref="fl-6"/>
      </object_component>
      <object_component id="oc-20d">
         <name>.text:ECAP2_ISR</name>
         <load_address>0xcaa8</load_address>
         <run_address>0xcaa8</run_address>
         <size>0xa</size>
         <input_file_ref idref="fl-6"/>
      </object_component>
      <object_component id="oc-213">
         <name>.text:ECAP3_ISR</name>
         <load_address>0xcab2</load_address>
         <run_address>0xcab2</run_address>
         <size>0xa</size>
         <input_file_ref idref="fl-6"/>
      </object_component>
      <object_component id="oc-219">
         <name>.text:ECAP4_ISR</name>
         <load_address>0xcabc</load_address>
         <run_address>0xcabc</run_address>
         <size>0xa</size>
         <input_file_ref idref="fl-6"/>
      </object_component>
      <object_component id="oc-21f">
         <name>.text:ECAP5_ISR</name>
         <load_address>0xcac6</load_address>
         <run_address>0xcac6</run_address>
         <size>0xa</size>
         <input_file_ref idref="fl-6"/>
      </object_component>
      <object_component id="oc-58b">
         <name>.text:ECAP6_2_ISR</name>
         <load_address>0xcad0</load_address>
         <run_address>0xcad0</run_address>
         <size>0xa</size>
         <input_file_ref idref="fl-6"/>
      </object_component>
      <object_component id="oc-225">
         <name>.text:ECAP6_ISR</name>
         <load_address>0xcada</load_address>
         <run_address>0xcada</run_address>
         <size>0xa</size>
         <input_file_ref idref="fl-6"/>
      </object_component>
      <object_component id="oc-591">
         <name>.text:ECAP7_2_ISR</name>
         <load_address>0xcae4</load_address>
         <run_address>0xcae4</run_address>
         <size>0xa</size>
         <input_file_ref idref="fl-6"/>
      </object_component>
      <object_component id="oc-22b">
         <name>.text:ECAP7_ISR</name>
         <load_address>0xcaee</load_address>
         <run_address>0xcaee</run_address>
         <size>0xa</size>
         <input_file_ref idref="fl-6"/>
      </object_component>
      <object_component id="oc-477">
         <name>.text:ECATRST_ISR</name>
         <load_address>0xcaf8</load_address>
         <run_address>0xcaf8</run_address>
         <size>0xa</size>
         <input_file_ref idref="fl-6"/>
      </object_component>
      <object_component id="oc-3b7">
         <name>.text:ECATSYNC0_ISR</name>
         <load_address>0xcb02</load_address>
         <run_address>0xcb02</run_address>
         <size>0xa</size>
         <input_file_ref idref="fl-6"/>
      </object_component>
      <object_component id="oc-47d">
         <name>.text:ECATSYNC1_ISR</name>
         <load_address>0xcb0c</load_address>
         <run_address>0xcb0c</run_address>
         <size>0xa</size>
         <input_file_ref idref="fl-6"/>
      </object_component>
      <object_component id="oc-3bd">
         <name>.text:ECAT_ISR</name>
         <load_address>0xcb16</load_address>
         <run_address>0xcb16</run_address>
         <size>0xa</size>
         <input_file_ref idref="fl-6"/>
      </object_component>
      <object_component id="oc-123">
         <name>.text:EMU_ISR</name>
         <load_address>0xcb20</load_address>
         <run_address>0xcb20</run_address>
         <size>0xa</size>
         <input_file_ref idref="fl-6"/>
      </object_component>
      <object_component id="oc-411">
         <name>.text:EPWM10_ISR</name>
         <load_address>0xcb2a</load_address>
         <run_address>0xcb2a</run_address>
         <size>0xa</size>
         <input_file_ref idref="fl-6"/>
      </object_component>
      <object_component id="oc-3e1">
         <name>.text:EPWM10_TZ_ISR</name>
         <load_address>0xcb34</load_address>
         <run_address>0xcb34</run_address>
         <size>0xa</size>
         <input_file_ref idref="fl-6"/>
      </object_component>
      <object_component id="oc-417">
         <name>.text:EPWM11_ISR</name>
         <load_address>0xcb3e</load_address>
         <run_address>0xcb3e</run_address>
         <size>0xa</size>
         <input_file_ref idref="fl-6"/>
      </object_component>
      <object_component id="oc-3e7">
         <name>.text:EPWM11_TZ_ISR</name>
         <load_address>0xcb48</load_address>
         <run_address>0xcb48</run_address>
         <size>0xa</size>
         <input_file_ref idref="fl-6"/>
      </object_component>
      <object_component id="oc-41d">
         <name>.text:EPWM12_ISR</name>
         <load_address>0xcb52</load_address>
         <run_address>0xcb52</run_address>
         <size>0xa</size>
         <input_file_ref idref="fl-6"/>
      </object_component>
      <object_component id="oc-3ed">
         <name>.text:EPWM12_TZ_ISR</name>
         <load_address>0xcb5c</load_address>
         <run_address>0xcb5c</run_address>
         <size>0xa</size>
         <input_file_ref idref="fl-6"/>
      </object_component>
      <object_component id="oc-423">
         <name>.text:EPWM13_ISR</name>
         <load_address>0xcb66</load_address>
         <run_address>0xcb66</run_address>
         <size>0xa</size>
         <input_file_ref idref="fl-6"/>
      </object_component>
      <object_component id="oc-3f3">
         <name>.text:EPWM13_TZ_ISR</name>
         <load_address>0xcb70</load_address>
         <run_address>0xcb70</run_address>
         <size>0xa</size>
         <input_file_ref idref="fl-6"/>
      </object_component>
      <object_component id="oc-429">
         <name>.text:EPWM14_ISR</name>
         <load_address>0xcb7a</load_address>
         <run_address>0xcb7a</run_address>
         <size>0xa</size>
         <input_file_ref idref="fl-6"/>
      </object_component>
      <object_component id="oc-3f9">
         <name>.text:EPWM14_TZ_ISR</name>
         <load_address>0xcb84</load_address>
         <run_address>0xcb84</run_address>
         <size>0xa</size>
         <input_file_ref idref="fl-6"/>
      </object_component>
      <object_component id="oc-42f">
         <name>.text:EPWM15_ISR</name>
         <load_address>0xcb8e</load_address>
         <run_address>0xcb8e</run_address>
         <size>0xa</size>
         <input_file_ref idref="fl-6"/>
      </object_component>
      <object_component id="oc-3ff">
         <name>.text:EPWM15_TZ_ISR</name>
         <load_address>0xcb98</load_address>
         <run_address>0xcb98</run_address>
         <size>0xa</size>
         <input_file_ref idref="fl-6"/>
      </object_component>
      <object_component id="oc-435">
         <name>.text:EPWM16_ISR</name>
         <load_address>0xcba2</load_address>
         <run_address>0xcba2</run_address>
         <size>0xa</size>
         <input_file_ref idref="fl-6"/>
      </object_component>
      <object_component id="oc-405">
         <name>.text:EPWM16_TZ_ISR</name>
         <load_address>0xcbac</load_address>
         <run_address>0xcbac</run_address>
         <size>0xa</size>
         <input_file_ref idref="fl-6"/>
      </object_component>
      <object_component id="oc-315">
         <name>.text:EPWM17_ISR</name>
         <load_address>0xcbb6</load_address>
         <run_address>0xcbb6</run_address>
         <size>0xa</size>
         <input_file_ref idref="fl-6"/>
      </object_component>
      <object_component id="oc-2e5">
         <name>.text:EPWM17_TZ_ISR</name>
         <load_address>0xcbc0</load_address>
         <run_address>0xcbc0</run_address>
         <size>0xa</size>
         <input_file_ref idref="fl-6"/>
      </object_component>
      <object_component id="oc-31b">
         <name>.text:EPWM18_ISR</name>
         <load_address>0xcbca</load_address>
         <run_address>0xcbca</run_address>
         <size>0xa</size>
         <input_file_ref idref="fl-6"/>
      </object_component>
      <object_component id="oc-2eb">
         <name>.text:EPWM18_TZ_ISR</name>
         <load_address>0xcbd4</load_address>
         <run_address>0xcbd4</run_address>
         <size>0xa</size>
         <input_file_ref idref="fl-6"/>
      </object_component>
      <object_component id="oc-1d7">
         <name>.text:EPWM1_ISR</name>
         <load_address>0xcbde</load_address>
         <run_address>0xcbde</run_address>
         <size>0xa</size>
         <input_file_ref idref="fl-6"/>
      </object_component>
      <object_component id="oc-1a7">
         <name>.text:EPWM1_TZ_ISR</name>
         <load_address>0xcbe8</load_address>
         <run_address>0xcbe8</run_address>
         <size>0xa</size>
         <input_file_ref idref="fl-6"/>
      </object_component>
      <object_component id="oc-1dd">
         <name>.text:EPWM2_ISR</name>
         <load_address>0xcbf2</load_address>
         <run_address>0xcbf2</run_address>
         <size>0xa</size>
         <input_file_ref idref="fl-6"/>
      </object_component>
      <object_component id="oc-1ad">
         <name>.text:EPWM2_TZ_ISR</name>
         <load_address>0xcbfc</load_address>
         <run_address>0xcbfc</run_address>
         <size>0xa</size>
         <input_file_ref idref="fl-6"/>
      </object_component>
      <object_component id="oc-1e3">
         <name>.text:EPWM3_ISR</name>
         <load_address>0xcc06</load_address>
         <run_address>0xcc06</run_address>
         <size>0xa</size>
         <input_file_ref idref="fl-6"/>
      </object_component>
      <object_component id="oc-1b3">
         <name>.text:EPWM3_TZ_ISR</name>
         <load_address>0xcc10</load_address>
         <run_address>0xcc10</run_address>
         <size>0xa</size>
         <input_file_ref idref="fl-6"/>
      </object_component>
      <object_component id="oc-1e9">
         <name>.text:EPWM4_ISR</name>
         <load_address>0xcc1a</load_address>
         <run_address>0xcc1a</run_address>
         <size>0xa</size>
         <input_file_ref idref="fl-6"/>
      </object_component>
      <object_component id="oc-1b9">
         <name>.text:EPWM4_TZ_ISR</name>
         <load_address>0xcc24</load_address>
         <run_address>0xcc24</run_address>
         <size>0xa</size>
         <input_file_ref idref="fl-6"/>
      </object_component>
      <object_component id="oc-1ef">
         <name>.text:EPWM5_ISR</name>
         <load_address>0xcc2e</load_address>
         <run_address>0xcc2e</run_address>
         <size>0xa</size>
         <input_file_ref idref="fl-6"/>
      </object_component>
      <object_component id="oc-1bf">
         <name>.text:EPWM5_TZ_ISR</name>
         <load_address>0xcc38</load_address>
         <run_address>0xcc38</run_address>
         <size>0xa</size>
         <input_file_ref idref="fl-6"/>
      </object_component>
      <object_component id="oc-1f5">
         <name>.text:EPWM6_ISR</name>
         <load_address>0xcc42</load_address>
         <run_address>0xcc42</run_address>
         <size>0xa</size>
         <input_file_ref idref="fl-6"/>
      </object_component>
      <object_component id="oc-1c5">
         <name>.text:EPWM6_TZ_ISR</name>
         <load_address>0xcc4c</load_address>
         <run_address>0xcc4c</run_address>
         <size>0xa</size>
         <input_file_ref idref="fl-6"/>
      </object_component>
      <object_component id="oc-1fb">
         <name>.text:EPWM7_ISR</name>
         <load_address>0xcc56</load_address>
         <run_address>0xcc56</run_address>
         <size>0xa</size>
         <input_file_ref idref="fl-6"/>
      </object_component>
      <object_component id="oc-1cb">
         <name>.text:EPWM7_TZ_ISR</name>
         <load_address>0xcc60</load_address>
         <run_address>0xcc60</run_address>
         <size>0xa</size>
         <input_file_ref idref="fl-6"/>
      </object_component>
      <object_component id="oc-201">
         <name>.text:EPWM8_ISR</name>
         <load_address>0xcc6a</load_address>
         <run_address>0xcc6a</run_address>
         <size>0xa</size>
         <input_file_ref idref="fl-6"/>
      </object_component>
      <object_component id="oc-1d1">
         <name>.text:EPWM8_TZ_ISR</name>
         <load_address>0xcc74</load_address>
         <run_address>0xcc74</run_address>
         <size>0xa</size>
         <input_file_ref idref="fl-6"/>
      </object_component>
      <object_component id="oc-40b">
         <name>.text:EPWM9_ISR</name>
         <load_address>0xcc7e</load_address>
         <run_address>0xcc7e</run_address>
         <size>0xa</size>
         <input_file_ref idref="fl-6"/>
      </object_component>
      <object_component id="oc-3db">
         <name>.text:EPWM9_TZ_ISR</name>
         <load_address>0xcc88</load_address>
         <run_address>0xcc88</run_address>
         <size>0xa</size>
         <input_file_ref idref="fl-6"/>
      </object_component>
      <object_component id="oc-231">
         <name>.text:EQEP1_ISR</name>
         <load_address>0xcc92</load_address>
         <run_address>0xcc92</run_address>
         <size>0xa</size>
         <input_file_ref idref="fl-6"/>
      </object_component>
      <object_component id="oc-237">
         <name>.text:EQEP2_ISR</name>
         <load_address>0xcc9c</load_address>
         <run_address>0xcc9c</run_address>
         <size>0xa</size>
         <input_file_ref idref="fl-6"/>
      </object_component>
      <object_component id="oc-23d">
         <name>.text:EQEP3_ISR</name>
         <load_address>0xcca6</load_address>
         <run_address>0xcca6</run_address>
         <size>0xa</size>
         <input_file_ref idref="fl-6"/>
      </object_component>
      <object_component id="oc-243">
         <name>.text:EQEP4_ISR</name>
         <load_address>0xccb0</load_address>
         <run_address>0xccb0</run_address>
         <size>0xa</size>
         <input_file_ref idref="fl-6"/>
      </object_component>
      <object_component id="oc-2b5">
         <name>.text:EQEP5_ISR</name>
         <load_address>0xccba</load_address>
         <run_address>0xccba</run_address>
         <size>0xa</size>
         <input_file_ref idref="fl-6"/>
      </object_component>
      <object_component id="oc-2bb">
         <name>.text:EQEP6_ISR</name>
         <load_address>0xccc4</load_address>
         <run_address>0xccc4</run_address>
         <size>0xa</size>
         <input_file_ref idref="fl-6"/>
      </object_component>
      <object_component id="oc-399">
         <name>.text:FLSS_ISR</name>
         <load_address>0xccce</load_address>
         <run_address>0xccce</run_address>
         <size>0xa</size>
         <input_file_ref idref="fl-6"/>
      </object_component>
      <object_component id="oc-39f">
         <name>.text:FPU_OVERFLOW_ISR</name>
         <load_address>0xccd8</load_address>
         <run_address>0xccd8</run_address>
         <size>0xa</size>
         <input_file_ref idref="fl-6"/>
      </object_component>
      <object_component id="oc-3a5">
         <name>.text:FPU_UNDERFLOW_ISR</name>
         <load_address>0xcce2</load_address>
         <run_address>0xcce2</run_address>
         <size>0xa</size>
         <input_file_ref idref="fl-6"/>
      </object_component>
      <object_component id="oc-453">
         <name>.text:FSIRXA1_ISR</name>
         <load_address>0xccec</load_address>
         <run_address>0xccec</run_address>
         <size>0xa</size>
         <input_file_ref idref="fl-6"/>
      </object_component>
      <object_component id="oc-459">
         <name>.text:FSIRXA2_ISR</name>
         <load_address>0xccf6</load_address>
         <run_address>0xccf6</run_address>
         <size>0xa</size>
         <input_file_ref idref="fl-6"/>
      </object_component>
      <object_component id="oc-45f">
         <name>.text:FSIRXB1_ISR</name>
         <load_address>0xcd00</load_address>
         <run_address>0xcd00</run_address>
         <size>0xa</size>
         <input_file_ref idref="fl-6"/>
      </object_component>
      <object_component id="oc-465">
         <name>.text:FSIRXB2_ISR</name>
         <load_address>0xcd0a</load_address>
         <run_address>0xcd0a</run_address>
         <size>0xa</size>
         <input_file_ref idref="fl-6"/>
      </object_component>
      <object_component id="oc-4cb">
         <name>.text:FSIRXC1_ISR</name>
         <load_address>0xcd14</load_address>
         <run_address>0xcd14</run_address>
         <size>0xa</size>
         <input_file_ref idref="fl-6"/>
      </object_component>
      <object_component id="oc-4d1">
         <name>.text:FSIRXC2_ISR</name>
         <load_address>0xcd1e</load_address>
         <run_address>0xcd1e</run_address>
         <size>0xa</size>
         <input_file_ref idref="fl-6"/>
      </object_component>
      <object_component id="oc-4d7">
         <name>.text:FSIRXD1_ISR</name>
         <load_address>0xcd28</load_address>
         <run_address>0xcd28</run_address>
         <size>0xa</size>
         <input_file_ref idref="fl-6"/>
      </object_component>
      <object_component id="oc-4dd">
         <name>.text:FSIRXD2_ISR</name>
         <load_address>0xcd32</load_address>
         <run_address>0xcd32</run_address>
         <size>0xa</size>
         <input_file_ref idref="fl-6"/>
      </object_component>
      <object_component id="oc-43b">
         <name>.text:FSITXA1_ISR</name>
         <load_address>0xcd3c</load_address>
         <run_address>0xcd3c</run_address>
         <size>0xa</size>
         <input_file_ref idref="fl-6"/>
      </object_component>
      <object_component id="oc-441">
         <name>.text:FSITXA2_ISR</name>
         <load_address>0xcd46</load_address>
         <run_address>0xcd46</run_address>
         <size>0xa</size>
         <input_file_ref idref="fl-6"/>
      </object_component>
      <object_component id="oc-447">
         <name>.text:FSITXB1_ISR</name>
         <load_address>0xcd50</load_address>
         <run_address>0xcd50</run_address>
         <size>0xa</size>
         <input_file_ref idref="fl-6"/>
      </object_component>
      <object_component id="oc-44d">
         <name>.text:FSITXB2_ISR</name>
         <load_address>0xcd5a</load_address>
         <run_address>0xcd5a</run_address>
         <size>0xa</size>
         <input_file_ref idref="fl-6"/>
      </object_component>
      <object_component id="oc-2c7">
         <name>.text:I2CA_FIFO_ISR</name>
         <load_address>0xcd64</load_address>
         <run_address>0xcd64</run_address>
         <size>0xa</size>
         <input_file_ref idref="fl-6"/>
      </object_component>
      <object_component id="oc-3ab">
         <name>.text:I2CA_HIGH_ISR</name>
         <load_address>0xcd6e</load_address>
         <run_address>0xcd6e</run_address>
         <size>0xa</size>
         <input_file_ref idref="fl-6"/>
      </object_component>
      <object_component id="oc-2c1">
         <name>.text:I2CA_ISR</name>
         <load_address>0xcd78</load_address>
         <run_address>0xcd78</run_address>
         <size>0xa</size>
         <input_file_ref idref="fl-6"/>
      </object_component>
      <object_component id="oc-2d3">
         <name>.text:I2CB_FIFO_ISR</name>
         <load_address>0xcd82</load_address>
         <run_address>0xcd82</run_address>
         <size>0xa</size>
         <input_file_ref idref="fl-6"/>
      </object_component>
      <object_component id="oc-2cd">
         <name>.text:I2CB_ISR</name>
         <load_address>0xcd8c</load_address>
         <run_address>0xcd8c</run_address>
         <size>0xa</size>
         <input_file_ref idref="fl-6"/>
      </object_component>
      <object_component id="oc-12f">
         <name>.text:ILLEGAL_ISR</name>
         <load_address>0xcd96</load_address>
         <run_address>0xcd96</run_address>
         <size>0xa</size>
         <input_file_ref idref="fl-6"/>
      </object_component>
      <object_component id="oc-279">
         <name>.text:LINA_0_ISR</name>
         <load_address>0xcda0</load_address>
         <run_address>0xcda0</run_address>
         <size>0xa</size>
         <input_file_ref idref="fl-6"/>
      </object_component>
      <object_component id="oc-27f">
         <name>.text:LINA_1_ISR</name>
         <load_address>0xcdaa</load_address>
         <run_address>0xcdaa</run_address>
         <size>0xa</size>
         <input_file_ref idref="fl-6"/>
      </object_component>
      <object_component id="oc-285">
         <name>.text:LINB_0_ISR</name>
         <load_address>0xcdb4</load_address>
         <run_address>0xcdb4</run_address>
         <size>0xa</size>
         <input_file_ref idref="fl-6"/>
      </object_component>
      <object_component id="oc-28b">
         <name>.text:LINB_1_ISR</name>
         <load_address>0xcdbe</load_address>
         <run_address>0xcdbe</run_address>
         <size>0xa</size>
         <input_file_ref idref="fl-6"/>
      </object_component>
      <object_component id="oc-513">
         <name>.text:MCANA_0_ISR</name>
         <load_address>0xcdc8</load_address>
         <run_address>0xcdc8</run_address>
         <size>0xa</size>
         <input_file_ref idref="fl-6"/>
      </object_component>
      <object_component id="oc-519">
         <name>.text:MCANA_1_ISR</name>
         <load_address>0xcdd2</load_address>
         <run_address>0xcdd2</run_address>
         <size>0xa</size>
         <input_file_ref idref="fl-6"/>
      </object_component>
      <object_component id="oc-51f">
         <name>.text:MCANA_ECC_ISR</name>
         <load_address>0xcddc</load_address>
         <run_address>0xcddc</run_address>
         <size>0xa</size>
         <input_file_ref idref="fl-6"/>
      </object_component>
      <object_component id="oc-525">
         <name>.text:MCANA_WAKE_ISR</name>
         <load_address>0xcde6</load_address>
         <run_address>0xcde6</run_address>
         <size>0xa</size>
         <input_file_ref idref="fl-6"/>
      </object_component>
      <object_component id="oc-55b">
         <name>.text:MCANB_0_ISR</name>
         <load_address>0xcdf0</load_address>
         <run_address>0xcdf0</run_address>
         <size>0xa</size>
         <input_file_ref idref="fl-6"/>
      </object_component>
      <object_component id="oc-561">
         <name>.text:MCANB_1_ISR</name>
         <load_address>0xcdfa</load_address>
         <run_address>0xcdfa</run_address>
         <size>0xa</size>
         <input_file_ref idref="fl-6"/>
      </object_component>
      <object_component id="oc-567">
         <name>.text:MCANB_ECC_ISR</name>
         <load_address>0xce04</load_address>
         <run_address>0xce04</run_address>
         <size>0xa</size>
         <input_file_ref idref="fl-6"/>
      </object_component>
      <object_component id="oc-56d">
         <name>.text:MCANB_WAKE_ISR</name>
         <load_address>0xce0e</load_address>
         <run_address>0xce0e</run_address>
         <size>0xa</size>
         <input_file_ref idref="fl-6"/>
      </object_component>
      <object_component id="oc-393">
         <name>.text:MPOST_ISR</name>
         <load_address>0xce18</load_address>
         <run_address>0xce18</run_address>
         <size>0xa</size>
         <input_file_ref idref="fl-6"/>
      </object_component>
      <object_component id="oc-129">
         <name>.text:NMI_ISR</name>
         <load_address>0xce22</load_address>
         <run_address>0xce22</run_address>
         <size>0xa</size>
         <input_file_ref idref="fl-6"/>
      </object_component>
      <object_component id="oc-5bb">
         <name>.text:NOTUSED_ISR</name>
         <load_address>0xce2c</load_address>
         <run_address>0xce2c</run_address>
         <size>0xa</size>
         <input_file_ref idref="fl-6"/>
      </object_component>
      <object_component id="oc-5af">
         <name>.text:PIE_RESERVED_ISR</name>
         <load_address>0xce36</load_address>
         <run_address>0xce36</run_address>
         <size>0xa</size>
         <input_file_ref idref="fl-6"/>
      </object_component>
      <object_component id="oc-52b">
         <name>.text:PMBUSA_ISR</name>
         <load_address>0xce40</load_address>
         <run_address>0xce40</run_address>
         <size>0xa</size>
         <input_file_ref idref="fl-6"/>
      </object_component>
      <object_component id="oc-11d">
         <name>.text:RTOS_ISR</name>
         <load_address>0xce4a</load_address>
         <run_address>0xce4a</run_address>
         <size>0xa</size>
         <input_file_ref idref="fl-6"/>
      </object_component>
      <object_component id="oc-2f1">
         <name>.text:SCIA_RX_ISR</name>
         <load_address>0xce54</load_address>
         <run_address>0xce54</run_address>
         <size>0xa</size>
         <input_file_ref idref="fl-6"/>
      </object_component>
      <object_component id="oc-2f7">
         <name>.text:SCIA_TX_ISR</name>
         <load_address>0xce5e</load_address>
         <run_address>0xce5e</run_address>
         <size>0xa</size>
         <input_file_ref idref="fl-6"/>
      </object_component>
      <object_component id="oc-2fd">
         <name>.text:SCIB_RX_ISR</name>
         <load_address>0xce68</load_address>
         <run_address>0xce68</run_address>
         <size>0xa</size>
         <input_file_ref idref="fl-6"/>
      </object_component>
      <object_component id="oc-303">
         <name>.text:SCIB_TX_ISR</name>
         <load_address>0xce72</load_address>
         <run_address>0xce72</run_address>
         <size>0xa</size>
         <input_file_ref idref="fl-6"/>
      </object_component>
      <object_component id="oc-483">
         <name>.text:SDFM1DR1_ISR</name>
         <load_address>0xce7c</load_address>
         <run_address>0xce7c</run_address>
         <size>0xa</size>
         <input_file_ref idref="fl-6"/>
      </object_component>
      <object_component id="oc-489">
         <name>.text:SDFM1DR2_ISR</name>
         <load_address>0xce86</load_address>
         <run_address>0xce86</run_address>
         <size>0xa</size>
         <input_file_ref idref="fl-6"/>
      </object_component>
      <object_component id="oc-48f">
         <name>.text:SDFM1DR3_ISR</name>
         <load_address>0xce90</load_address>
         <run_address>0xce90</run_address>
         <size>0xa</size>
         <input_file_ref idref="fl-6"/>
      </object_component>
      <object_component id="oc-495">
         <name>.text:SDFM1DR4_ISR</name>
         <load_address>0xce9a</load_address>
         <run_address>0xce9a</run_address>
         <size>0xa</size>
         <input_file_ref idref="fl-6"/>
      </object_component>
      <object_component id="oc-46b">
         <name>.text:SDFM1_ISR</name>
         <load_address>0xcea4</load_address>
         <run_address>0xcea4</run_address>
         <size>0xa</size>
         <input_file_ref idref="fl-6"/>
      </object_component>
      <object_component id="oc-4b3">
         <name>.text:SDFM2DR1_ISR</name>
         <load_address>0xceae</load_address>
         <run_address>0xceae</run_address>
         <size>0xa</size>
         <input_file_ref idref="fl-6"/>
      </object_component>
      <object_component id="oc-4b9">
         <name>.text:SDFM2DR2_ISR</name>
         <load_address>0xceb8</load_address>
         <run_address>0xceb8</run_address>
         <size>0xa</size>
         <input_file_ref idref="fl-6"/>
      </object_component>
      <object_component id="oc-4bf">
         <name>.text:SDFM2DR3_ISR</name>
         <load_address>0xcec2</load_address>
         <run_address>0xcec2</run_address>
         <size>0xa</size>
         <input_file_ref idref="fl-6"/>
      </object_component>
      <object_component id="oc-4c5">
         <name>.text:SDFM2DR4_ISR</name>
         <load_address>0xcecc</load_address>
         <run_address>0xcecc</run_address>
         <size>0xa</size>
         <input_file_ref idref="fl-6"/>
      </object_component>
      <object_component id="oc-471">
         <name>.text:SDFM2_ISR</name>
         <load_address>0xced6</load_address>
         <run_address>0xced6</run_address>
         <size>0xa</size>
         <input_file_ref idref="fl-6"/>
      </object_component>
      <object_component id="oc-4e3">
         <name>.text:SDFM3DR1_ISR</name>
         <load_address>0xcee0</load_address>
         <run_address>0xcee0</run_address>
         <size>0xa</size>
         <input_file_ref idref="fl-6"/>
      </object_component>
      <object_component id="oc-4e9">
         <name>.text:SDFM3DR2_ISR</name>
         <load_address>0xceea</load_address>
         <run_address>0xceea</run_address>
         <size>0xa</size>
         <input_file_ref idref="fl-6"/>
      </object_component>
      <object_component id="oc-4ef">
         <name>.text:SDFM3DR3_ISR</name>
         <load_address>0xcef4</load_address>
         <run_address>0xcef4</run_address>
         <size>0xa</size>
         <input_file_ref idref="fl-6"/>
      </object_component>
      <object_component id="oc-4f5">
         <name>.text:SDFM3DR4_ISR</name>
         <load_address>0xcefe</load_address>
         <run_address>0xcefe</run_address>
         <size>0xa</size>
         <input_file_ref idref="fl-6"/>
      </object_component>
      <object_component id="oc-4fb">
         <name>.text:SDFM3_ISR</name>
         <load_address>0xcf08</load_address>
         <run_address>0xcf08</run_address>
         <size>0xa</size>
         <input_file_ref idref="fl-6"/>
      </object_component>
      <object_component id="oc-573">
         <name>.text:SDFM4DR1_ISR</name>
         <load_address>0xcf12</load_address>
         <run_address>0xcf12</run_address>
         <size>0xa</size>
         <input_file_ref idref="fl-6"/>
      </object_component>
      <object_component id="oc-579">
         <name>.text:SDFM4DR2_ISR</name>
         <load_address>0xcf1c</load_address>
         <run_address>0xcf1c</run_address>
         <size>0xa</size>
         <input_file_ref idref="fl-6"/>
      </object_component>
      <object_component id="oc-57f">
         <name>.text:SDFM4DR3_ISR</name>
         <load_address>0xcf26</load_address>
         <run_address>0xcf26</run_address>
         <size>0xa</size>
         <input_file_ref idref="fl-6"/>
      </object_component>
      <object_component id="oc-585">
         <name>.text:SDFM4DR4_ISR</name>
         <load_address>0xcf30</load_address>
         <run_address>0xcf30</run_address>
         <size>0xa</size>
         <input_file_ref idref="fl-6"/>
      </object_component>
      <object_component id="oc-501">
         <name>.text:SDFM4_ISR</name>
         <load_address>0xcf3a</load_address>
         <run_address>0xcf3a</run_address>
         <size>0xa</size>
         <input_file_ref idref="fl-6"/>
      </object_component>
      <object_component id="oc-261">
         <name>.text:SPIA_RX_ISR</name>
         <load_address>0xcf44</load_address>
         <run_address>0xcf44</run_address>
         <size>0xa</size>
         <input_file_ref idref="fl-6"/>
      </object_component>
      <object_component id="oc-267">
         <name>.text:SPIA_TX_ISR</name>
         <load_address>0xcf4e</load_address>
         <run_address>0xcf4e</run_address>
         <size>0xa</size>
         <input_file_ref idref="fl-6"/>
      </object_component>
      <object_component id="oc-26d">
         <name>.text:SPIB_RX_ISR</name>
         <load_address>0xcf58</load_address>
         <run_address>0xcf58</run_address>
         <size>0xa</size>
         <input_file_ref idref="fl-6"/>
      </object_component>
      <object_component id="oc-273">
         <name>.text:SPIB_TX_ISR</name>
         <load_address>0xcf62</load_address>
         <run_address>0xcf62</run_address>
         <size>0xa</size>
         <input_file_ref idref="fl-6"/>
      </object_component>
      <object_component id="oc-49b">
         <name>.text:SPIC_RX_ISR</name>
         <load_address>0xcf6c</load_address>
         <run_address>0xcf6c</run_address>
         <size>0xa</size>
         <input_file_ref idref="fl-6"/>
      </object_component>
      <object_component id="oc-4a1">
         <name>.text:SPIC_TX_ISR</name>
         <load_address>0xcf76</load_address>
         <run_address>0xcf76</run_address>
         <size>0xa</size>
         <input_file_ref idref="fl-6"/>
      </object_component>
      <object_component id="oc-4a7">
         <name>.text:SPID_RX_ISR</name>
         <load_address>0xcf80</load_address>
         <run_address>0xcf80</run_address>
         <size>0xa</size>
         <input_file_ref idref="fl-6"/>
      </object_component>
      <object_component id="oc-4ad">
         <name>.text:SPID_TX_ISR</name>
         <load_address>0xcf8a</load_address>
         <run_address>0xcf8a</run_address>
         <size>0xa</size>
         <input_file_ref idref="fl-6"/>
      </object_component>
      <object_component id="oc-3b1">
         <name>.text:SYS_ERR_ISR</name>
         <load_address>0xcf94</load_address>
         <run_address>0xcf94</run_address>
         <size>0xa</size>
         <input_file_ref idref="fl-6"/>
      </object_component>
      <object_component id="oc-108">
         <name>.text:TIMER1_ISR</name>
         <load_address>0xcf9e</load_address>
         <run_address>0xcf9e</run_address>
         <size>0xa</size>
         <input_file_ref idref="fl-6"/>
      </object_component>
      <object_component id="oc-111">
         <name>.text:TIMER2_ISR</name>
         <load_address>0xcfa8</load_address>
         <run_address>0xcfa8</run_address>
         <size>0xa</size>
         <input_file_ref idref="fl-6"/>
      </object_component>
      <object_component id="oc-2d9">
         <name>.text:UARTA_ISR</name>
         <load_address>0xcfb2</load_address>
         <run_address>0xcfb2</run_address>
         <size>0xa</size>
         <input_file_ref idref="fl-6"/>
      </object_component>
      <object_component id="oc-2df">
         <name>.text:UARTB_ISR</name>
         <load_address>0xcfbc</load_address>
         <run_address>0xcfbc</run_address>
         <size>0xa</size>
         <input_file_ref idref="fl-6"/>
      </object_component>
      <object_component id="oc-537">
         <name>.text:USBA_ISR</name>
         <load_address>0xcfc6</load_address>
         <run_address>0xcfc6</run_address>
         <size>0xa</size>
         <input_file_ref idref="fl-6"/>
      </object_component>
      <object_component id="oc-16b">
         <name>.text:USER10_ISR</name>
         <load_address>0xcfd0</load_address>
         <run_address>0xcfd0</run_address>
         <size>0xa</size>
         <input_file_ref idref="fl-6"/>
      </object_component>
      <object_component id="oc-171">
         <name>.text:USER11_ISR</name>
         <load_address>0xcfda</load_address>
         <run_address>0xcfda</run_address>
         <size>0xa</size>
         <input_file_ref idref="fl-6"/>
      </object_component>
      <object_component id="oc-177">
         <name>.text:USER12_ISR</name>
         <load_address>0xcfe4</load_address>
         <run_address>0xcfe4</run_address>
         <size>0xa</size>
         <input_file_ref idref="fl-6"/>
      </object_component>
      <object_component id="oc-135">
         <name>.text:USER1_ISR</name>
         <load_address>0xcfee</load_address>
         <run_address>0xcfee</run_address>
         <size>0xa</size>
         <input_file_ref idref="fl-6"/>
      </object_component>
      <object_component id="oc-13b">
         <name>.text:USER2_ISR</name>
         <load_address>0xcff8</load_address>
         <run_address>0xcff8</run_address>
         <size>0xa</size>
         <input_file_ref idref="fl-6"/>
      </object_component>
      <object_component id="oc-141">
         <name>.text:USER3_ISR</name>
         <load_address>0xd002</load_address>
         <run_address>0xd002</run_address>
         <size>0xa</size>
         <input_file_ref idref="fl-6"/>
      </object_component>
      <object_component id="oc-147">
         <name>.text:USER4_ISR</name>
         <load_address>0xd00c</load_address>
         <run_address>0xd00c</run_address>
         <size>0xa</size>
         <input_file_ref idref="fl-6"/>
      </object_component>
      <object_component id="oc-14d">
         <name>.text:USER5_ISR</name>
         <load_address>0xd016</load_address>
         <run_address>0xd016</run_address>
         <size>0xa</size>
         <input_file_ref idref="fl-6"/>
      </object_component>
      <object_component id="oc-153">
         <name>.text:USER6_ISR</name>
         <load_address>0xd020</load_address>
         <run_address>0xd020</run_address>
         <size>0xa</size>
         <input_file_ref idref="fl-6"/>
      </object_component>
      <object_component id="oc-159">
         <name>.text:USER7_ISR</name>
         <load_address>0xd02a</load_address>
         <run_address>0xd02a</run_address>
         <size>0xa</size>
         <input_file_ref idref="fl-6"/>
      </object_component>
      <object_component id="oc-15f">
         <name>.text:USER8_ISR</name>
         <load_address>0xd034</load_address>
         <run_address>0xd034</run_address>
         <size>0xa</size>
         <input_file_ref idref="fl-6"/>
      </object_component>
      <object_component id="oc-165">
         <name>.text:USER9_ISR</name>
         <load_address>0xd03e</load_address>
         <run_address>0xd03e</run_address>
         <size>0xa</size>
         <input_file_ref idref="fl-6"/>
      </object_component>
      <object_component id="oc-1a1">
         <name>.text:WAKE_ISR</name>
         <load_address>0xd048</load_address>
         <run_address>0xd048</run_address>
         <size>0xa</size>
         <input_file_ref idref="fl-6"/>
      </object_component>
      <object_component id="oc-18f">
         <name>.text:XINT1_ISR</name>
         <load_address>0xd052</load_address>
         <run_address>0xd052</run_address>
         <size>0xa</size>
         <input_file_ref idref="fl-6"/>
      </object_component>
      <object_component id="oc-195">
         <name>.text:XINT2_ISR</name>
         <load_address>0xd05c</load_address>
         <run_address>0xd05c</run_address>
         <size>0xa</size>
         <input_file_ref idref="fl-6"/>
      </object_component>
      <object_component id="oc-381">
         <name>.text:XINT3_ISR</name>
         <load_address>0xd066</load_address>
         <run_address>0xd066</run_address>
         <size>0xa</size>
         <input_file_ref idref="fl-6"/>
      </object_component>
      <object_component id="oc-387">
         <name>.text:XINT4_ISR</name>
         <load_address>0xd070</load_address>
         <run_address>0xd070</run_address>
         <size>0xa</size>
         <input_file_ref idref="fl-6"/>
      </object_component>
      <object_component id="oc-38d">
         <name>.text:XINT5_ISR</name>
         <load_address>0xd07a</load_address>
         <run_address>0xd07a</run_address>
         <size>0xa</size>
         <input_file_ref idref="fl-6"/>
      </object_component>
      <object_component id="oc-796">
         <name>.text:SysIntOsc1Sel</name>
         <load_address>0xd084</load_address>
         <run_address>0xd084</run_address>
         <size>0x9</size>
         <input_file_ref idref="fl-d"/>
      </object_component>
      <object_component id="oc-19b">
         <name>.text:TIMER0_ISR</name>
         <load_address>0xd08d</load_address>
         <run_address>0xd08d</run_address>
         <size>0x9</size>
         <input_file_ref idref="fl-6"/>
      </object_component>
      <object_component id="oc-864">
         <name>.text</name>
         <load_address>0xd096</load_address>
         <run_address>0xd096</run_address>
         <size>0x9</size>
         <input_file_ref idref="fl-27"/>
      </object_component>
      <object_component id="oc-ea">
         <name>.text:decompress:none</name>
         <load_address>0xd09f</load_address>
         <run_address>0xd09f</run_address>
         <size>0x8</size>
         <input_file_ref idref="fl-24"/>
      </object_component>
      <object_component id="oc-5d8">
         <name>.text</name>
         <load_address>0xd0a7</load_address>
         <run_address>0xd0a7</run_address>
         <size>0x8</size>
         <input_file_ref idref="fl-4"/>
      </object_component>
      <object_component id="oc-79c">
         <name>.text:SysIntOsc2Sel</name>
         <load_address>0xd0af</load_address>
         <run_address>0xd0af</run_address>
         <size>0x7</size>
         <input_file_ref idref="fl-d"/>
      </object_component>
      <object_component id="oc-775">
         <name>.text</name>
         <load_address>0xd0b6</load_address>
         <run_address>0xd0b6</run_address>
         <size>0x2</size>
         <input_file_ref idref="fl-21"/>
      </object_component>
      <object_component id="oc-84a">
         <name>.text</name>
         <load_address>0xd0b8</load_address>
         <run_address>0xd0b8</run_address>
         <size>0x1</size>
         <input_file_ref idref="fl-2c"/>
      </object_component>
      <object_component id="oc-985">
         <name>.cinit..data.load</name>
         <load_address>0x1b6</load_address>
         <run_address>0x1b6</run_address>
         <size>0x8</size>
      </object_component>
      <object_component id="oc-982">
         <name>__TI_handler_table</name>
         <load_address>0x1be</load_address>
         <run_address>0x1be</run_address>
         <size>0x6</size>
      </object_component>
      <object_component id="oc-984">
         <name>.cinit..bss.load</name>
         <load_address>0x1c4</load_address>
         <run_address>0x1c4</run_address>
         <size>0x4</size>
      </object_component>
      <object_component id="oc-983">
         <name>__TI_cinit_table</name>
         <load_address>0x1c8</load_address>
         <run_address>0x1c8</run_address>
         <size>0x8</size>
      </object_component>
      <object_component id="oc-5c1">
         <name>.stack</name>
         <uninitialized>true</uninitialized>
         <run_address>0x400</run_address>
         <size>0x0</size>
         <input_file_ref idref="fl-1f"/>
      </object_component>
      <object_component id="oc-986">
         <name>.stack</name>
         <uninitialized>true</uninitialized>
         <run_address>0x400</run_address>
         <size>0x0</size>
      </object_component>
      <object_component id="oc-622">
         <name>.bss</name>
         <uninitialized>true</uninitialized>
         <run_address>0xa918</run_address>
         <size>0x4</size>
         <input_file_ref idref="fl-2"/>
      </object_component>
      <object_component id="oc-61c">
         <name>.bss:AdcaResults</name>
         <uninitialized>true</uninitialized>
         <run_address>0xa800</run_address>
         <size>0x100</size>
         <input_file_ref idref="fl-2"/>
      </object_component>
      <object_component id="oc-5de">
         <name>.bss</name>
         <uninitialized>true</uninitialized>
         <run_address>0xa900</run_address>
         <size>0x18</size>
         <input_file_ref idref="fl-5"/>
      </object_component>
      <object_component id="oc-10e">
         <name>.const</name>
         <load_address>0xa940</load_address>
         <run_address>0xa940</run_address>
         <size>0x1c0</size>
         <input_file_ref idref="fl-c"/>
      </object_component>
      <object_component id="oc-813">
         <name>.data</name>
         <load_address>0xa91c</load_address>
         <run_address>0xa91c</run_address>
         <size>0x6</size>
         <input_file_ref idref="fl-26"/>
      </object_component>
      <object_component id="oc-816">
         <name>.data:_lock</name>
         <load_address>0xa922</load_address>
         <run_address>0xa922</run_address>
         <size>0x2</size>
         <input_file_ref idref="fl-27"/>
      </object_component>
      <object_component id="oc-87e">
         <name>.data:_unlock</name>
         <load_address>0xa924</load_address>
         <run_address>0xa924</run_address>
         <size>0x2</size>
         <input_file_ref idref="fl-27"/>
      </object_component>
      <object_component id="oc-744">
         <name>.TI.ramfunc</name>
         <load_address>0x1b1</load_address>
         <run_address>0x1b1</run_address>
         <size>0x4</size>
         <input_file_ref idref="fl-e"/>
      </object_component>
      <object_component id="oc-62c">
         <name>AdcaRegsFile</name>
         <uninitialized>true</uninitialized>
         <run_address>0x7400</run_address>
         <size>0x100</size>
         <input_file_ref idref="fl-9"/>
      </object_component>
      <object_component id="oc-7c9">
         <name>AdcbRegsFile</name>
         <uninitialized>true</uninitialized>
         <run_address>0x7500</run_address>
         <size>0x100</size>
         <input_file_ref idref="fl-9"/>
      </object_component>
      <object_component id="oc-7cc">
         <name>AdccRegsFile</name>
         <uninitialized>true</uninitialized>
         <run_address>0x7600</run_address>
         <size>0x100</size>
         <input_file_ref idref="fl-9"/>
      </object_component>
      <object_component id="oc-629">
         <name>AdcaResultRegsFile</name>
         <uninitialized>true</uninitialized>
         <run_address>0xa00</run_address>
         <size>0x48</size>
         <input_file_ref idref="fl-9"/>
      </object_component>
      <object_component id="oc-793">
         <name>ClkCfgRegsFile</name>
         <uninitialized>true</uninitialized>
         <run_address>0x5d200</run_address>
         <size>0x44</size>
         <input_file_ref idref="fl-9"/>
      </object_component>
      <object_component id="oc-625">
         <name>CpuSysRegsFile</name>
         <uninitialized>true</uninitialized>
         <run_address>0x5d300</run_address>
         <size>0xa6</size>
         <input_file_ref idref="fl-9"/>
      </object_component>
      <object_component id="oc-756">
         <name>CpuTimer0RegsFile</name>
         <uninitialized>true</uninitialized>
         <run_address>0xc00</run_address>
         <size>0x8</size>
         <input_file_ref idref="fl-9"/>
      </object_component>
      <object_component id="oc-7d2">
         <name>CpuTimer1RegsFile</name>
         <uninitialized>true</uninitialized>
         <run_address>0xc08</run_address>
         <size>0x8</size>
         <input_file_ref idref="fl-9"/>
      </object_component>
      <object_component id="oc-7d5">
         <name>CpuTimer2RegsFile</name>
         <uninitialized>true</uninitialized>
         <run_address>0xc10</run_address>
         <size>0x8</size>
         <input_file_ref idref="fl-9"/>
      </object_component>
      <object_component id="oc-829">
         <name>Dcc0RegsFile</name>
         <uninitialized>true</uninitialized>
         <run_address>0x5e700</run_address>
         <size>0x2c</size>
         <input_file_ref idref="fl-9"/>
      </object_component>
      <object_component id="oc-82c">
         <name>Dcc1RegsFile</name>
         <uninitialized>true</uninitialized>
         <run_address>0x5e740</run_address>
         <size>0x2c</size>
         <input_file_ref idref="fl-9"/>
      </object_component>
      <object_component id="oc-731">
         <name>GpioCtrlRegsFile</name>
         <uninitialized>true</uninitialized>
         <run_address>0x7c00</run_address>
         <size>0x200</size>
         <input_file_ref idref="fl-9"/>
      </object_component>
      <object_component id="oc-734">
         <name>GpioDataRegsFile</name>
         <uninitialized>true</uninitialized>
         <run_address>0x7f00</run_address>
         <size>0x40</size>
         <input_file_ref idref="fl-9"/>
      </object_component>
      <object_component id="oc-5e1">
         <name>PieCtrlRegsFile</name>
         <uninitialized>true</uninitialized>
         <run_address>0xce0</run_address>
         <size>0x1a</size>
         <input_file_ref idref="fl-9"/>
      </object_component>
      <object_component id="oc-61f">
         <name>PieVectTableMainFile</name>
         <uninitialized>true</uninitialized>
         <run_address>0xd00</run_address>
         <size>0x1c0</size>
         <input_file_ref idref="fl-9"/>
      </object_component>
      <object_component id="oc-78f">
         <name>WdRegsFile</name>
         <uninitialized>true</uninitialized>
         <run_address>0x7000</run_address>
         <size>0x2b</size>
         <input_file_ref idref="fl-9"/>
      </object_component>
      <object_component id="oc-5e5">
         <name>.debug_types</name>
         <load_address>0x0</load_address>
         <run_address>0x0</run_address>
         <size>0x1460b</size>
         <input_file_ref idref="fl-2"/>
      </object_component>
      <object_component id="oc-7d0">
         <name>.debug_types</name>
         <load_address>0x1460b</load_address>
         <run_address>0x1460b</run_address>
         <size>0x5a</size>
         <input_file_ref idref="fl-3"/>
      </object_component>
      <object_component id="oc-716">
         <name>.debug_types</name>
         <load_address>0x0</load_address>
         <run_address>0x0</run_address>
         <size>0x0</size>
         <input_file_ref idref="fl-5"/>
      </object_component>
      <object_component id="oc-631">
         <name>.debug_types</name>
         <load_address>0x0</load_address>
         <run_address>0x0</run_address>
         <size>0x0</size>
         <input_file_ref idref="fl-6"/>
      </object_component>
      <object_component id="oc-719">
         <name>.debug_types</name>
         <load_address>0x14665</load_address>
         <run_address>0x14665</run_address>
         <size>0xa4394</size>
         <input_file_ref idref="fl-9"/>
      </object_component>
      <object_component id="oc-738">
         <name>.debug_types</name>
         <load_address>0x0</load_address>
         <run_address>0x0</run_address>
         <size>0x0</size>
         <input_file_ref idref="fl-a"/>
      </object_component>
      <object_component id="oc-73c">
         <name>.debug_types</name>
         <load_address>0x0</load_address>
         <run_address>0x0</run_address>
         <size>0x0</size>
         <input_file_ref idref="fl-b"/>
      </object_component>
      <object_component id="oc-634">
         <name>.debug_types</name>
         <load_address>0xb89f9</load_address>
         <run_address>0xb89f9</run_address>
         <size>0x5a</size>
         <input_file_ref idref="fl-c"/>
      </object_component>
      <object_component id="oc-730">
         <name>.debug_types</name>
         <load_address>0xb8a53</load_address>
         <run_address>0xb8a53</run_address>
         <size>0x2b</size>
         <input_file_ref idref="fl-d"/>
      </object_component>
      <object_component id="oc-7e0">
         <name>.debug_types</name>
         <load_address>0x0</load_address>
         <run_address>0x0</run_address>
         <size>0x0</size>
         <input_file_ref idref="fl-21"/>
      </object_component>
      <object_component id="oc-851">
         <name>.debug_types</name>
         <load_address>0xb8a7e</load_address>
         <run_address>0xb8a7e</run_address>
         <size>0x563</size>
         <input_file_ref idref="fl-22"/>
      </object_component>
      <object_component id="oc-706">
         <name>.debug_types</name>
         <load_address>0xb8fe1</load_address>
         <run_address>0xb8fe1</run_address>
         <size>0x1f3</size>
         <input_file_ref idref="fl-23"/>
      </object_component>
      <object_component id="oc-5cb">
         <name>.debug_types</name>
         <load_address>0x0</load_address>
         <run_address>0x0</run_address>
         <size>0x0</size>
         <input_file_ref idref="fl-24"/>
      </object_component>
      <object_component id="oc-5c3">
         <name>.debug_types</name>
         <load_address>0xb91d4</load_address>
         <run_address>0xb91d4</run_address>
         <size>0x191</size>
         <input_file_ref idref="fl-25"/>
      </object_component>
      <object_component id="oc-81a">
         <name>.debug_types</name>
         <load_address>0xb9365</load_address>
         <run_address>0xb9365</run_address>
         <size>0xbf</size>
         <input_file_ref idref="fl-26"/>
      </object_component>
      <object_component id="oc-86c">
         <name>.debug_types</name>
         <load_address>0xb9424</load_address>
         <run_address>0xb9424</run_address>
         <size>0x2f</size>
         <input_file_ref idref="fl-27"/>
      </object_component>
      <object_component id="oc-812">
         <name>.debug_types</name>
         <load_address>0xb9453</load_address>
         <run_address>0xb9453</run_address>
[...]
         <value>0xc9b8</value>
         <object_component_ref idref="oc-357"/>
      </symbol>
      <symbol id="sm-85d">
         <name>ECAT_ISR</name>
         <value>0xcb16</value>
         <object_component_ref idref="oc-3bd"/>
      </symbol>
      <symbol id="sm-85e">
         <name>UARTA_ISR</name>
         <value>0xcfb2</value>
         <object_component_ref idref="oc-2d9"/>
      </symbol>
      <symbol id="sm-85f">
         <name>USER8_ISR</name>
         <value>0xd034</value>
         <object_component_ref idref="oc-15f"/>
      </symbol>
      <symbol id="sm-860">
         <name>CLB4_ISR</name>
         <value>0xca30</value>
         <object_component_ref idref="oc-25b"/>
      </symbol>
      <symbol id="sm-861">
         <name>SPIB_RX_ISR</name>
         <value>0xcf58</value>
         <object_component_ref idref="oc-26d"/>
      </symbol>
      <symbol id="sm-862">
         <name>SPIB_TX_ISR</name>
         <value>0xcf62</value>
         <object_component_ref idref="oc-273"/>
      </symbol>
      <symbol id="sm-863">
         <name>ECAP3_ISR</name>
         <value>0xcab2</value>
         <object_component_ref idref="oc-213"/>
      </symbol>
      <symbol id="sm-864">
         <name>EPWM16_TZ_ISR</name>
         <value>0xcbac</value>
         <object_component_ref idref="oc-405"/>
      </symbol>
      <symbol id="sm-865">
         <name>EPWM13_TZ_ISR</name>
         <value>0xcb70</value>
         <object_component_ref idref="oc-3f3"/>
      </symbol>
      <symbol id="sm-866">
         <name>EPWM1_ISR</name>
         <value>0xcbde</value>
         <object_component_ref idref="oc-1d7"/>
      </symbol>
      <symbol id="sm-867">
         <name>EPWM18_TZ_ISR</name>
         <value>0xcbd4</value>
         <object_component_ref idref="oc-2eb"/>
      </symbol>
      <symbol id="sm-868">
         <name>CIPC3_ISR</name>
         <value>0xc99a</value>
         <object_component_ref idref="oc-3d5"/>
      </symbol>
      <symbol id="sm-869">
         <name>DMA_CH2_ISR</name>
         <value>0xca6c</value>
         <object_component_ref idref="oc-297"/>
      </symbol>
      <symbol id="sm-86a">
         <name>USER12_ISR</name>
         <value>0xcfe4</value>
         <object_component_ref idref="oc-177"/>
      </symbol>
      <symbol id="sm-86b">
         <name>EQEP4_ISR</name>
         <value>0xccb0</value>
         <object_component_ref idref="oc-243"/>
      </symbol>
      <symbol id="sm-86c">
         <name>EPWM16_ISR</name>
         <value>0xcba2</value>
         <object_component_ref idref="oc-435"/>
      </symbol>
      <symbol id="sm-86d">
         <name>MCANB_WAKE_ISR</name>
         <value>0xce0e</value>
         <object_component_ref idref="oc-56d"/>
      </symbol>
      <symbol id="sm-86e">
         <name>XINT3_ISR</name>
         <value>0xd066</value>
         <object_component_ref idref="oc-381"/>
      </symbol>
      <symbol id="sm-86f">
         <name>USER1_ISR</name>
         <value>0xcfee</value>
         <object_component_ref idref="oc-135"/>
      </symbol>
      <symbol id="sm-870">
         <name>CLA1_3_ISR</name>
         <value>0xc9c2</value>
         <object_component_ref idref="oc-35d"/>
      </symbol>
      <symbol id="sm-871">
         <name>I2CA_ISR</name>
         <value>0xcd78</value>
         <object_component_ref idref="oc-2c1"/>
      </symbol>
      <symbol id="sm-872">
         <name>CANA0_ISR</name>
         <value>0xc968</value>
         <object_component_ref idref="oc-309"/>
      </symbol>
      <symbol id="sm-873">
         <name>CLB5_ISR</name>
         <value>0xca3a</value>
         <object_component_ref idref="oc-507"/>
      </symbol>
      <symbol id="sm-874">
         <name>LINB_0_ISR</name>
         <value>0xcdb4</value>
         <object_component_ref idref="oc-285"/>
      </symbol>
      <symbol id="sm-875">
         <name>ECAP7_2_ISR</name>
         <value>0xcae4</value>
         <object_component_ref idref="oc-591"/>
      </symbol>
      <symbol id="sm-876">
         <name>FSIRXA1_ISR</name>
         <value>0xccec</value>
         <object_component_ref idref="oc-453"/>
      </symbol>
      <symbol id="sm-877">
         <name>EPWM1_TZ_ISR</name>
         <value>0xcbe8</value>
         <object_component_ref idref="oc-1a7"/>
      </symbol>
      <symbol id="sm-878">
         <name>FSIRXB1_ISR</name>
         <value>0xcd00</value>
         <object_component_ref idref="oc-45f"/>
      </symbol>
      <symbol id="sm-879">
         <name>FSIRXC1_ISR</name>
         <value>0xcd14</value>
         <object_component_ref idref="oc-4cb"/>
      </symbol>
      <symbol id="sm-87a">
         <name>FSIRXD1_ISR</name>
         <value>0xcd28</value>
         <object_component_ref idref="oc-4d7"/>
      </symbol>
      <symbol id="sm-87b">
         <name>I2CA_FIFO_ISR</name>
         <value>0xcd64</value>
         <object_component_ref idref="oc-2c7"/>
      </symbol>
      <symbol id="sm-87c">
         <name>SDFM4DR4_ISR</name>
         <value>0xcf30</value>
         <object_component_ref idref="oc-585"/>
      </symbol>
      <symbol id="sm-87d">
         <name>EPWM2_ISR</name>
         <value>0xcbf2</value>
         <object_component_ref idref="oc-1dd"/>
      </symbol>
      <symbol id="sm-87e">
         <name>USBA_ISR</name>
         <value>0xcfc6</value>
         <object_component_ref idref="oc-537"/>
      </symbol>
      <symbol id="sm-87f">
         <name>SDFM1DR4_ISR</name>
         <value>0xce9a</value>
         <object_component_ref idref="oc-495"/>
      </symbol>
      <symbol id="sm-880">
         <name>DMA_CH3_ISR</name>
         <value>0xca76</value>
         <object_component_ref idref="oc-29d"/>
      </symbol>
      <symbol id="sm-881">
         <name>MCANB_ECC_ISR</name>
         <value>0xce04</value>
         <object_component_ref idref="oc-567"/>
      </symbol>
      <symbol id="sm-882">
         <name>EQEP5_ISR</name>
         <value>0xccba</value>
         <object_component_ref idref="oc-2b5"/>
      </symbol>
      <symbol id="sm-883">
         <name>ADCC_EVT_ISR</name>
         <value>0xc954</value>
         <object_component_ref idref="oc-53d"/>
      </symbol>
      <symbol id="sm-884">
         <name>EPWM11_ISR</name>
         <value>0xcb3e</value>
         <object_component_ref idref="oc-417"/>
      </symbol>
      <symbol id="sm-885">
         <name>ADCCHECKINT_ISR</name>
         <value>0xc94a</value>
         <object_component_ref idref="oc-555"/>
      </symbol>
      <symbol id="sm-886">
         <name>DATALOG_ISR</name>
         <value>0xca58</value>
         <object_component_ref idref="oc-117"/>
      </symbol>
      <symbol id="sm-887">
         <name>SDFM4_ISR</name>
         <value>0xcf3a</value>
         <object_component_ref idref="oc-501"/>
      </symbol>
      <symbol id="sm-888">
         <name>XINT2_ISR</name>
         <value>0xd05c</value>
         <object_component_ref idref="oc-195"/>
      </symbol>
      <symbol id="sm-889">
         <name>MCANA_0_ISR</name>
         <value>0xcdc8</value>
         <object_component_ref idref="oc-513"/>
      </symbol>
      <symbol id="sm-88a">
         <name>AES_SINTREQUEST_ISR</name>
         <value>0xc95e</value>
         <object_component_ref idref="oc-531"/>
      </symbol>
      <symbol id="sm-88b">
         <name>PIE_RESERVED_ISR</name>
         <value>0xce36</value>
         <object_component_ref idref="oc-5af"/>
      </symbol>
      <symbol id="sm-88c">
         <name>SCIB_RX_ISR</name>
         <value>0xce68</value>
         <object_component_ref idref="oc-2fd"/>
      </symbol>
      <symbol id="sm-88d">
         <name>SCIB_TX_ISR</name>
         <value>0xce72</value>
         <object_component_ref idref="oc-303"/>
      </symbol>
      <symbol id="sm-88e">
         <name>I2CB_ISR</name>
         <value>0xcd8c</value>
         <object_component_ref idref="oc-2cd"/>
      </symbol>
      <symbol id="sm-88f">
         <name>CANA1_ISR</name>
         <value>0xc972</value>
         <object_component_ref idref="oc-30f"/>
      </symbol>
      <symbol id="sm-890">
         <name>SPIC_RX_ISR</name>
         <value>0xcf6c</value>
         <object_component_ref idref="oc-49b"/>
      </symbol>
      <symbol id="sm-891">
         <name>CPUCRC_ISR</name>
         <value>0xca4e</value>
         <object_component_ref idref="oc-597"/>
      </symbol>
      <symbol id="sm-892">
         <name>CLB6_ISR</name>
         <value>0xca44</value>
         <object_component_ref idref="oc-50d"/>
      </symbol>
      <symbol id="sm-893">
         <name>SPIC_TX_ISR</name>
         <value>0xcf76</value>
         <object_component_ref idref="oc-4a1"/>
      </symbol>
      <symbol id="sm-894">
         <name>LINB_1_ISR</name>
         <value>0xcdbe</value>
         <object_component_ref idref="oc-28b"/>
      </symbol>
      <symbol id="sm-895">
         <name>EPWM15_TZ_ISR</name>
         <value>0xcb98</value>
         <object_component_ref idref="oc-3ff"/>
      </symbol>
      <symbol id="sm-896">
         <name>FSIRXA2_ISR</name>
         <value>0xccf6</value>
         <object_component_ref idref="oc-459"/>
      </symbol>
      <symbol id="sm-897">
         <name>FSIRXB2_ISR</name>
         <value>0xcd0a</value>
         <object_component_ref idref="oc-465"/>
      </symbol>
      <symbol id="sm-898">
         <name>EPWM12_TZ_ISR</name>
         <value>0xcb5c</value>
         <object_component_ref idref="oc-3ed"/>
      </symbol>
      <symbol id="sm-899">
         <name>FSIRXC2_ISR</name>
         <value>0xcd1e</value>
         <object_component_ref idref="oc-4d1"/>
      </symbol>
      <symbol id="sm-89a">
         <name>ILLEGAL_ISR</name>
         <value>0xcd96</value>
         <object_component_ref idref="oc-12f"/>
      </symbol>
      <symbol id="sm-89b">
         <name>FSIRXD2_ISR</name>
         <value>0xcd32</value>
         <object_component_ref idref="oc-4dd"/>
      </symbol>
      <symbol id="sm-89c">
         <name>EPWM3_ISR</name>
         <value>0xcc06</value>
         <object_component_ref idref="oc-1e3"/>
      </symbol>
      <symbol id="sm-89d">
         <name>I2CA_HIGH_ISR</name>
         <value>0xcd6e</value>
         <object_component_ref idref="oc-3ab"/>
      </symbol>
      <symbol id="sm-89e">
         <name>TIMER0_ISR</name>
         <value>0xd08d</value>
         <object_component_ref idref="oc-19b"/>
      </symbol>
      <symbol id="sm-89f">
         <name>SDFM3DR1_ISR</name>
         <value>0xcee0</value>
         <object_component_ref idref="oc-4e3"/>
      </symbol>
      <symbol id="sm-8a0">
         <name>EQEP6_ISR</name>
         <value>0xccc4</value>
         <object_component_ref idref="oc-2bb"/>
      </symbol>
      <symbol id="sm-8a1">
         <name>EPWM10_ISR</name>
         <value>0xcb2a</value>
         <object_component_ref idref="oc-411"/>
      </symbol>
      <symbol id="sm-8a2">
         <name>USER3_ISR</name>
         <value>0xd002</value>
         <object_component_ref idref="oc-141"/>
      </symbol>
      <symbol id="sm-8a3">
         <name>MCANA_1_ISR</name>
         <value>0xcdd2</value>
         <object_component_ref idref="oc-519"/>
      </symbol>
      <symbol id="sm-8fb">
         <name>AdcbRegs</name>
         <value>0x7500</value>
         <object_component_ref idref="oc-7c9"/>
      </symbol>
      <symbol id="sm-8fc">
         <name>AdccRegs</name>
         <value>0x7600</value>
         <object_component_ref idref="oc-7cc"/>
      </symbol>
      <symbol id="sm-8fd">
         <name>ClkCfgRegs</name>
         <value>0x5d200</value>
         <object_component_ref idref="oc-793"/>
      </symbol>
      <symbol id="sm-8fe">
         <name>CpuTimer2Regs</name>
         <value>0xc10</value>
         <object_component_ref idref="oc-7d5"/>
      </symbol>
      <symbol id="sm-8ff">
         <name>PieVectTable</name>
         <value>0xd00</value>
         <object_component_ref idref="oc-61f"/>
      </symbol>
      <symbol id="sm-900">
         <name>GpioCtrlRegs</name>
         <value>0x7c00</value>
         <object_component_ref idref="oc-731"/>
      </symbol>
      <symbol id="sm-901">
         <name>Dcc0Regs</name>
         <value>0x5e700</value>
         <object_component_ref idref="oc-829"/>
      </symbol>
      <symbol id="sm-902">
         <name>CpuSysRegs</name>
         <value>0x5d300</value>
         <object_component_ref idref="oc-625"/>
      </symbol>
      <symbol id="sm-903">
         <name>CpuTimer0Regs</name>
         <value>0xc00</value>
         <object_component_ref idref="oc-756"/>
      </symbol>
      <symbol id="sm-904">
         <name>Dcc1Regs</name>
         <value>0x5e740</value>
         <object_component_ref idref="oc-82c"/>
      </symbol>
      <symbol id="sm-905">
         <name>CpuTimer1Regs</name>
         <value>0xc08</value>
         <object_component_ref idref="oc-7d2"/>
      </symbol>
      <symbol id="sm-906">
         <name>AdcaResultRegs</name>
         <value>0xa00</value>
         <object_component_ref idref="oc-629"/>
      </symbol>
      <symbol id="sm-907">
         <name>PieCtrlRegs</name>
         <value>0xce0</value>
         <object_component_ref idref="oc-5e1"/>
      </symbol>
      <symbol id="sm-908">
         <name>WdRegs</name>
         <value>0x7000</value>
         <object_component_ref idref="oc-78f"/>
      </symbol>
      <symbol id="sm-909">
         <name>GpioDataRegs</name>
         <value>0x7f00</value>
         <object_component_ref idref="oc-734"/>
      </symbol>
      <symbol id="sm-90a">
         <name>AdcaRegs</name>
         <value>0x7400</value>
         <object_component_ref idref="oc-62c"/>
      </symbol>
      <symbol id="sm-935">
         <name>GPIO_SetupPinMux</name>
         <value>0xc2f9</value>
         <object_component_ref idref="oc-5f2"/>
      </symbol>
      <symbol id="sm-936">
         <name>GPIO_SetupPinOptions</name>
         <value>0xc267</value>
         <object_component_ref idref="oc-5f8"/>
      </symbol>
      <symbol id="sm-937">
         <name>InitGpio</name>
         <value>0xc5bb</value>
         <object_component_ref idref="oc-5ec"/>
      </symbol>
      <symbol id="sm-944">
         <name>InitPieCtrl</name>
         <value>0xc7af</value>
         <object_component_ref idref="oc-5fe"/>
      </symbol>
      <symbol id="sm-958">
         <name>InitPieVectTable</name>
         <value>0xc76a</value>
         <object_component_ref idref="oc-604"/>
      </symbol>
      <symbol id="sm-959">
         <name>PieVectTableInit</name>
         <value>0xa940</value>
         <object_component_ref idref="oc-10e"/>
      </symbol>
      <symbol id="sm-9d6">
         <name>ComputeCntrSeedValue</name>
         <value>0xc48f</value>
         <object_component_ref idref="oc-834"/>
      </symbol>
      <symbol id="sm-9d7">
         <name>IsPLLValid</name>
         <value>0xc1c7</value>
         <object_component_ref idref="oc-7ae"/>
      </symbol>
      <symbol id="sm-9d8">
         <name>InitPeripheralClocks</name>
         <value>0xc0e6</value>
         <object_component_ref idref="oc-729"/>
      </symbol>
      <symbol id="sm-9d9">
         <name>SysIntOsc1Sel</name>
         <value>0xd084</value>
         <object_component_ref idref="oc-796"/>
      </symbol>
      <symbol id="sm-9da">
         <name>SysXtalOscSel</name>
         <value>0xc78f</value>
         <object_component_ref idref="oc-7a2"/>
      </symbol>
      <symbol id="sm-9db">
         <name>SysXtalOscSESel</name>
         <value>0xc863</value>
         <object_component_ref idref="oc-7a8"/>
      </symbol>
      <symbol id="sm-9dc">
         <name>InitSysCtrl</name>
         <value>0xc878</value>
         <object_component_ref idref="oc-5e6"/>
      </symbol>
      <symbol id="sm-9dd">
         <name>DisableDog</name>
         <value>0xc88b</value>
         <object_component_ref idref="oc-71d"/>
      </symbol>
      <symbol id="sm-9de">
         <name>InitSysPll</name>
         <value>0xc000</value>
         <object_component_ref idref="oc-723"/>
      </symbol>
      <symbol id="sm-9df">
         <name>SysIntOsc2Sel</name>
         <value>0xd0af</value>
         <object_component_ref idref="oc-79c"/>
      </symbol>
      <symbol id="sm-9e7">
         <name>F28x_usDelay</name>
         <value>0x1b1</value>
         <object_component_ref idref="oc-744"/>
      </symbol>
      <symbol id="sm-9f1">
         <name>_c_int00</name>
         <value>0xc81f</value>
         <object_component_ref idref="oc-70e"/>
      </symbol>
      <symbol id="sm-9f2">
         <name>__stack</name>
         <value>0x400</value>
         <object_component_ref idref="oc-5c1"/>
      </symbol>
      <symbol id="sm-9ff">
         <name>__c28xabi_divf</name>
         <value>0xc383</value>
         <object_component_ref idref="oc-82f"/>
      </symbol>
      <symbol id="sm-a0c">
         <name>_system_pre_init</name>
         <value>0xd0b6</value>
         <object_component_ref idref="oc-775"/>
      </symbol>
      <symbol id="sm-a1b">
         <name>__TI_auto_init_nobinit_nopinit</name>
         <value>0xc716</value>
         <object_component_ref idref="oc-7e1"/>
      </symbol>
      <symbol id="sm-a2a">
         <name>__TI_zero_init_nomemset</name>
         <value>0xc8a5</value>
         <object_component_ref idref="oc-5cc"/>
      </symbol>
      <symbol id="sm-a37">
         <name>__TI_decompress_none</name>
         <value>0xd09f</value>
         <object_component_ref idref="oc-ea"/>
      </symbol>
      <symbol id="sm-a4b">
         <name>__TI_decompress_lzss</name>
         <value>0xc6ba</value>
         <object_component_ref idref="oc-e4"/>
      </symbol>
      <symbol id="sm-a61">
         <name>C$$EXIT</name>
         <value>0xc741</value>
         <object_component_ref idref="oc-782"/>
      </symbol>
      <symbol id="sm-a62">
         <name>abort</name>
         <value>0xc741</value>
         <object_component_ref idref="oc-782"/>
      </symbol>
      <symbol id="sm-a63">
         <name>exit</name>
         <value>0xc743</value>
         <object_component_ref idref="oc-782"/>
      </symbol>
      <symbol id="sm-a64">
         <name>__TI_dtors_ptr</name>
         <value>0xa920</value>
         <object_component_ref idref="oc-813"/>
      </symbol>
      <symbol id="sm-a65">
         <name>__TI_cleanup_ptr</name>
         <value>0xa91e</value>
         <object_component_ref idref="oc-813"/>
      </symbol>
      <symbol id="sm-a66">
         <name>__TI_enable_exit_profile_output</name>
         <value>0xa91c</value>
         <object_component_ref idref="oc-813"/>
      </symbol>
      <symbol id="sm-a7d">
         <name>_nop</name>
         <value>0xd09e</value>
         <object_component_ref idref="oc-864"/>
      </symbol>
      <symbol id="sm-a7e">
         <name>_lock</name>
         <value>0xa922</value>
         <object_component_ref idref="oc-816"/>
      </symbol>
      <symbol id="sm-a7f">
         <name>_unlock</name>
         <value>0xa924</value>
         <object_component_ref idref="oc-87e"/>
      </symbol>
      <symbol id="sm-a80">
         <name>_register_lock</name>
         <value>0xd09a</value>
         <object_component_ref idref="oc-864"/>
      </symbol>
      <symbol id="sm-a81">
         <name>_register_unlock</name>
         <value>0xd096</value>
         <object_component_ref idref="oc-864"/>
      </symbol>
      <symbol id="sm-a90">
         <name>_args_main</name>
         <value>0xc8b2</value>
         <object_component_ref idref="oc-77c"/>
      </symbol>
      <symbol id="sm-aa4">
         <name>memcpy</name>
         <value>0xc7ce</value>
         <object_component_ref idref="oc-5c4"/>
      </symbol>
      <symbol id="sm-ab1">
         <name>_system_post_cinit</name>
         <value>0xd0b8</value>
         <object_component_ref idref="oc-84a"/>
      </symbol>
      <symbol id="sm-ab3">
         <name>__c_args__</name>
         <value>0x0</value>
      </symbol>
   </symbol_table>
   <title>Link successful</title>
</link_info>
